Use '!==' to compare with 'null'. (F:\workspace-git\Expanz-JavaScript-SDK\public\js\expanz.sdk.7537d94.js:181:60)
> if (fieldModel.get('anonymousBoundMethod') != null && fieldModel.get('anonymousBoundMethod') != '') {

Use '!==' to compare with ''. (F:\workspace-git\Expanz-JavaScript-SDK\public\js\expanz.sdk.7537d94.js:181:110)
> if (fieldModel.get('anonymousBoundMethod') != null && fieldModel.get('anonymousBoundMethod') != '') {

Mixed spaces and tabs. (F:\workspace-git\Expanz-JavaScript-SDK\public\js\expanz.sdk.7537d94.js:221:2)
> * bindDataControls

Mixed spaces and tabs. (F:\workspace-git\Expanz-JavaScript-SDK\public\js\expanz.sdk.7537d94.js:222:2)
> */

Use '!==' to compare with 'null'. (F:\workspace-git\Expanz-JavaScript-SDK\public\js\expanz.sdk.7537d94.js:232:70)
> if (DataControlModel.getAttr('anonymousBoundMethod') != null && DataControlModel.get('anonymousBoundMethod') != '') {

Use '!==' to compare with ''. (F:\workspace-git\Expanz-JavaScript-SDK\public\js\expanz.sdk.7537d94.js:232:126)
> if (DataControlModel.getAttr('anonymousBoundMethod') != null && DataControlModel.get('anonymousBoundMethod') != '') {

'dataControlModel' is already defined. (F:\workspace-git\Expanz-JavaScript-SDK\public\js\expanz.sdk.7537d94.js:433:42)
> var dataControlModel = new expanz.Model.Data.DataControl({

'view' is already defined. (F:\workspace-git\Expanz-JavaScript-SDK\public\js\expanz.sdk.7537d94.js:447:34)
> var view = new expanz.Views.CheckboxesView({

'view' is already defined. (F:\workspace-git\Expanz-JavaScript-SDK\public\js\expanz.sdk.7537d94.js:455:34)
> var view = new expanz.Views.RadioButtonsView({

'view' is already defined. (F:\workspace-git\Expanz-JavaScript-SDK\public\js\expanz.sdk.7537d94.js:463:34)
> var view = new expanz.Views.DataControlView({

'dataControlModel' used out of scope. (F:\workspace-git\Expanz-JavaScript-SDK\public\js\expanz.sdk.7537d94.js:472:40)
> DataControlModels.push(dataControlModel);

Mixed spaces and tabs. (F:\workspace-git\Expanz-JavaScript-SDK\public\js\expanz.sdk.7537d94.js:497:1)
> * static html rendering functions

Mixed spaces and tabs. (F:\workspace-git\Expanz-JavaScript-SDK\public\js\expanz.sdk.7537d94.js:498:1)
> */

Mixed spaces and tabs. (F:\workspace-git\Expanz-JavaScript-SDK\public\js\expanz.sdk.7537d94.js:516:1)
> * renderHeaderGridField

Mixed spaces and tabs. (F:\workspace-git\Expanz-JavaScript-SDK\public\js\expanz.sdk.7537d94.js:517:1)
> */

Use '!==' to compare with ''. (F:\workspace-git\Expanz-JavaScript-SDK\public\js\expanz.sdk.7537d94.js:522:19)
> if (label != '') {

Mixed spaces and tabs. (F:\workspace-git\Expanz-JavaScript-SDK\public\js\expanz.sdk.7537d94.js:570:1)
> 

Mixed spaces and tabs. (F:\workspace-git\Expanz-JavaScript-SDK\public\js\expanz.sdk.7537d94.js:571:1)
> 

Mixed spaces and tabs. (F:\workspace-git\Expanz-JavaScript-SDK\public\js\expanz.sdk.7537d94.js:578:1)
> 

Use '!==' to compare with ''. (F:\workspace-git\Expanz-JavaScript-SDK\public\js\expanz.sdk.7537d94.js:582:21)
> if (siteUrl != '')

Missing semicolon. (F:\workspace-git\Expanz-JavaScript-SDK\public\js\expanz.sdk.7537d94.js:587:6)
> }

Use '!==' to compare with ''. (F:\workspace-git\Expanz-JavaScript-SDK\public\js\expanz.sdk.7537d94.js:620:27)
> if (copyrightText != '')

Use '!==' to compare with ''. (F:\workspace-git\Expanz-JavaScript-SDK\public\js\expanz.sdk.7537d94.js:625:25)
> if (footerLinks != '')

Use '===' to compare with ''. (F:\workspace-git\Expanz-JavaScript-SDK\public\js\expanz.sdk.7537d94.js:650:22)
> return value == "";

Missing semicolon. (F:\workspace-git\Expanz-JavaScript-SDK\public\js\expanz.sdk.7537d94.js:664:6)
> }

Use '===' to compare with 'null'. (F:\workspace-git\Expanz-JavaScript-SDK\public\js\expanz.sdk.7537d94.js:784:33)
> if (anonymousFields == null) {

Mixed spaces and tabs. (F:\workspace-git\Expanz-JavaScript-SDK\public\js\expanz.sdk.7537d94.js:842:9)
> * NOT IMPLEMENTED YET...problem with url where sessionHandle and activityHandle are GET parameters var urlBeforeLogin = expanz.Storage.getLastURL(); if(urlBeforeLogin != null && urlBeforeLogin != ''){ expanz.Storage.clearLastURL(); expanz.Views.redirect(urlBeforeLogin);

Mixed spaces and tabs. (F:\workspace-git\Expanz-JavaScript-SDK\public\js\expanz.sdk.7537d94.js:843:9)
> * return; }

Mixed spaces and tabs. (F:\workspace-git\Expanz-JavaScript-SDK\public\js\expanz.sdk.7537d94.js:844:9)
> */

Missing semicolon. (F:\workspace-git\Expanz-JavaScript-SDK\public\js\expanz.sdk.7537d94.js:999:64)
> lastValues = lastValues.replace(re, "")

['rowId'] is better written in dot notation. (F:\workspace-git\Expanz-JavaScript-SDK\public\js\expanz.sdk.7537d94.js:1078:17)
> map['rowId'] = this.getAttr('id');

['rowType'] is better written in dot notation. (F:\workspace-git\Expanz-JavaScript-SDK\public\js\expanz.sdk.7537d94.js:1079:17)
> map['rowType'] = this.getAttr('type');

Use '===' to compare with 'undefined'. (F:\workspace-git\Expanz-JavaScript-SDK\public\js\expanz.sdk.7537d94.js:1263:28)
> if (nbAttempts == undefined)

Expected an assignment or function call and instead saw an expression. (F:\workspace-git\Expanz-JavaScript-SDK\public\js\expanz.sdk.7537d94.js:1740:102)
> activity.getAttr('style') ? center += ' style="' + activity.getAttr('style') + '"' : '';

Expected an assignment or function call and instead saw an expression. (F:\workspace-git\Expanz-JavaScript-SDK\public\js\expanz.sdk.7537d94.js:1741:86)
> activity.getAttr('optimisation') ? center += ' suppressFields="1"' : '';

Expected an assignment or function call and instead saw an expression. (F:\workspace-git\Expanz-JavaScript-SDK\public\js\expanz.sdk.7537d94.js:1761:136)
> dataControl.getAttr('contextObject') ? center += ' contextObject="' + dataControl.getAttr('contextObject') + '"' : '';

Expected an assignment or function call and instead saw an expression. (F:\workspace-git\Expanz-JavaScript-SDK\public\js\expanz.sdk.7537d94.js:1794:138)
> dataControl.getAttr('contextObject') ? body += ' contextObject="' + dataControl.getAttr('contextObject') + '"' : '';

Expected an assignment or function call and instead saw an expression. (F:\workspace-git\Expanz-JavaScript-SDK\public\js\expanz.sdk.7537d94.js:1850:134)
> dataControl.getAttr('contextObject') ? body += ' contextObject="' + dataControl.getAttr('contextObject') + '"' : '';

Use '===' to compare with 'undefined'. (F:\workspace-git\Expanz-JavaScript-SDK\public\js\expanz.sdk.7537d94.js:1969:24)
> if (xmlElement == undefined || xmlElement.length == 0)

Use '===' to compare with '0'. (F:\workspace-git\Expanz-JavaScript-SDK\public\js\expanz.sdk.7537d94.js:1969:58)
> if (xmlElement == undefined || xmlElement.length == 0)

Missing semicolon. (F:\workspace-git\Expanz-JavaScript-SDK\public\js\expanz.sdk.7537d94.js:1976:14)
> }

Use '===' to compare with 'undefined'. (F:\workspace-git\Expanz-JavaScript-SDK\public\js\expanz.sdk.7537d94.js:1983:24)
> if (xmlElement == undefined || xmlElement.length == 0)

Use '===' to compare with '0'. (F:\workspace-git\Expanz-JavaScript-SDK\public\js\expanz.sdk.7537d94.js:1983:58)
> if (xmlElement == undefined || xmlElement.length == 0)

Missing semicolon. (F:\workspace-git\Expanz-JavaScript-SDK\public\js\expanz.sdk.7537d94.js:1989:14)
> }

Use '!==' to compare with 'null'. (F:\workspace-git\Expanz-JavaScript-SDK\public\js\expanz.sdk.7537d94.js:1996:36)
> if (dashboardField != null) {

Missing semicolon. (F:\workspace-git\Expanz-JavaScript-SDK\public\js\expanz.sdk.7537d94.js:1999:23)
> })

Use '!==' to compare with 'null'. (F:\workspace-git\Expanz-JavaScript-SDK\public\js\expanz.sdk.7537d94.js:2168:32)
> if (dashboards != null) {

Don't make functions within a loop. (F:\workspace-git\Expanz-JavaScript-SDK\public\js\expanz.sdk.7537d94.js:2227:34)
> };

Don't make functions within a loop. (F:\workspace-git\Expanz-JavaScript-SDK\public\js\expanz.sdk.7537d94.js:2232:34)
> };

Use '===' to compare with 'null'. (F:\workspace-git\Expanz-JavaScript-SDK\public\js\expanz.sdk.7537d94.js:2281:29)
> if (execResults == null || execResults.length == 0) {

Too many errors. (41% scanned). (F:\workspace-git\Expanz-JavaScript-SDK\public\js\expanz.sdk.7537d94.js:2281:29)
> 

