Use '!==' to compare with 'null'. (E:\git\sdk\expanz-JavaScript-SDK\public\js\expanz.sdk.7521bb0.js:181:60)
> if (fieldModel.get('anonymousBoundMethod') != null && fieldModel.get('anonymousBoundMethod') != '') {

Use '!==' to compare with ''. (E:\git\sdk\expanz-JavaScript-SDK\public\js\expanz.sdk.7521bb0.js:181:110)
> if (fieldModel.get('anonymousBoundMethod') != null && fieldModel.get('anonymousBoundMethod') != '') {

Mixed spaces and tabs. (E:\git\sdk\expanz-JavaScript-SDK\public\js\expanz.sdk.7521bb0.js:221:2)
> * bindDataControls

Mixed spaces and tabs. (E:\git\sdk\expanz-JavaScript-SDK\public\js\expanz.sdk.7521bb0.js:222:2)
> */

Use '!==' to compare with 'null'. (E:\git\sdk\expanz-JavaScript-SDK\public\js\expanz.sdk.7521bb0.js:232:70)
> if (DataControlModel.getAttr('anonymousBoundMethod') != null && DataControlModel.get('anonymousBoundMethod') != '') {

Use '!==' to compare with ''. (E:\git\sdk\expanz-JavaScript-SDK\public\js\expanz.sdk.7521bb0.js:232:126)
> if (DataControlModel.getAttr('anonymousBoundMethod') != null && DataControlModel.get('anonymousBoundMethod') != '') {

'dataControlModel' is already defined. (E:\git\sdk\expanz-JavaScript-SDK\public\js\expanz.sdk.7521bb0.js:433:42)
> var dataControlModel = new expanz.Model.Data.DataControl({

'view' is already defined. (E:\git\sdk\expanz-JavaScript-SDK\public\js\expanz.sdk.7521bb0.js:447:34)
> var view = new expanz.Views.CheckboxesView({

'view' is already defined. (E:\git\sdk\expanz-JavaScript-SDK\public\js\expanz.sdk.7521bb0.js:455:34)
> var view = new expanz.Views.RadioButtonsView({

'view' is already defined. (E:\git\sdk\expanz-JavaScript-SDK\public\js\expanz.sdk.7521bb0.js:463:34)
> var view = new expanz.Views.DataControlView({

'dataControlModel' used out of scope. (E:\git\sdk\expanz-JavaScript-SDK\public\js\expanz.sdk.7521bb0.js:472:40)
> DataControlModels.push(dataControlModel);

Mixed spaces and tabs. (E:\git\sdk\expanz-JavaScript-SDK\public\js\expanz.sdk.7521bb0.js:497:1)
> * static html rendering functions

Mixed spaces and tabs. (E:\git\sdk\expanz-JavaScript-SDK\public\js\expanz.sdk.7521bb0.js:498:1)
> */

Mixed spaces and tabs. (E:\git\sdk\expanz-JavaScript-SDK\public\js\expanz.sdk.7521bb0.js:516:1)
> * renderHeaderGridField

Mixed spaces and tabs. (E:\git\sdk\expanz-JavaScript-SDK\public\js\expanz.sdk.7521bb0.js:517:1)
> */

Use '!==' to compare with ''. (E:\git\sdk\expanz-JavaScript-SDK\public\js\expanz.sdk.7521bb0.js:522:19)
> if (label != '') {

Mixed spaces and tabs. (E:\git\sdk\expanz-JavaScript-SDK\public\js\expanz.sdk.7521bb0.js:570:1)
> 

Mixed spaces and tabs. (E:\git\sdk\expanz-JavaScript-SDK\public\js\expanz.sdk.7521bb0.js:571:1)
> 

Mixed spaces and tabs. (E:\git\sdk\expanz-JavaScript-SDK\public\js\expanz.sdk.7521bb0.js:578:1)
> 

Use '!==' to compare with ''. (E:\git\sdk\expanz-JavaScript-SDK\public\js\expanz.sdk.7521bb0.js:582:21)
> if (siteUrl != '')

Missing semicolon. (E:\git\sdk\expanz-JavaScript-SDK\public\js\expanz.sdk.7521bb0.js:587:6)
> }

Use '!==' to compare with ''. (E:\git\sdk\expanz-JavaScript-SDK\public\js\expanz.sdk.7521bb0.js:620:27)
> if (copyrightText != '')

Use '!==' to compare with ''. (E:\git\sdk\expanz-JavaScript-SDK\public\js\expanz.sdk.7521bb0.js:625:25)
> if (footerLinks != '')

Use '===' to compare with ''. (E:\git\sdk\expanz-JavaScript-SDK\public\js\expanz.sdk.7521bb0.js:650:22)
> return value == "";

Missing semicolon. (E:\git\sdk\expanz-JavaScript-SDK\public\js\expanz.sdk.7521bb0.js:664:6)
> }

Use '===' to compare with 'null'. (E:\git\sdk\expanz-JavaScript-SDK\public\js\expanz.sdk.7521bb0.js:784:33)
> if (anonymousFields == null) {

Mixed spaces and tabs. (E:\git\sdk\expanz-JavaScript-SDK\public\js\expanz.sdk.7521bb0.js:842:9)
> * NOT IMPLEMENTED YET...problem with url where sessionHandle and activityHandle are GET parameters var urlBeforeLogin = expanz.Storage.getLastURL(); if(urlBeforeLogin != null && urlBeforeLogin != ''){ expanz.Storage.clearLastURL(); expanz.Views.redirect(urlBeforeLogin);

Mixed spaces and tabs. (E:\git\sdk\expanz-JavaScript-SDK\public\js\expanz.sdk.7521bb0.js:843:9)
> * return; }

Mixed spaces and tabs. (E:\git\sdk\expanz-JavaScript-SDK\public\js\expanz.sdk.7521bb0.js:844:9)
> */

Missing semicolon. (E:\git\sdk\expanz-JavaScript-SDK\public\js\expanz.sdk.7521bb0.js:999:64)
> lastValues = lastValues.replace(re, "")

['rowId'] is better written in dot notation. (E:\git\sdk\expanz-JavaScript-SDK\public\js\expanz.sdk.7521bb0.js:1078:17)
> map['rowId'] = this.getAttr('id');

['rowType'] is better written in dot notation. (E:\git\sdk\expanz-JavaScript-SDK\public\js\expanz.sdk.7521bb0.js:1079:17)
> map['rowType'] = this.getAttr('type');

Use '===' to compare with 'undefined'. (E:\git\sdk\expanz-JavaScript-SDK\public\js\expanz.sdk.7521bb0.js:1263:28)
> if (nbAttempts == undefined)

Expected an assignment or function call and instead saw an expression. (E:\git\sdk\expanz-JavaScript-SDK\public\js\expanz.sdk.7521bb0.js:1740:102)
> activity.getAttr('style') ? center += ' style="' + activity.getAttr('style') + '"' : '';

Expected an assignment or function call and instead saw an expression. (E:\git\sdk\expanz-JavaScript-SDK\public\js\expanz.sdk.7521bb0.js:1741:86)
> activity.getAttr('optimisation') ? center += ' suppressFields="1"' : '';

Expected an assignment or function call and instead saw an expression. (E:\git\sdk\expanz-JavaScript-SDK\public\js\expanz.sdk.7521bb0.js:1761:136)
> dataControl.getAttr('contextObject') ? center += ' contextObject="' + dataControl.getAttr('contextObject') + '"' : '';

Expected an assignment or function call and instead saw an expression. (E:\git\sdk\expanz-JavaScript-SDK\public\js\expanz.sdk.7521bb0.js:1794:138)
> dataControl.getAttr('contextObject') ? body += ' contextObject="' + dataControl.getAttr('contextObject') + '"' : '';

Expected an assignment or function call and instead saw an expression. (E:\git\sdk\expanz-JavaScript-SDK\public\js\expanz.sdk.7521bb0.js:1850:134)
> dataControl.getAttr('contextObject') ? body += ' contextObject="' + dataControl.getAttr('contextObject') + '"' : '';

Use '===' to compare with 'undefined'. (E:\git\sdk\expanz-JavaScript-SDK\public\js\expanz.sdk.7521bb0.js:1967:24)
> if (xmlElement == undefined || xmlElement.length == 0)

Use '===' to compare with '0'. (E:\git\sdk\expanz-JavaScript-SDK\public\js\expanz.sdk.7521bb0.js:1967:58)
> if (xmlElement == undefined || xmlElement.length == 0)

Missing semicolon. (E:\git\sdk\expanz-JavaScript-SDK\public\js\expanz.sdk.7521bb0.js:1974:14)
> }

Use '===' to compare with 'undefined'. (E:\git\sdk\expanz-JavaScript-SDK\public\js\expanz.sdk.7521bb0.js:1981:24)
> if (xmlElement == undefined || xmlElement.length == 0)

Use '===' to compare with '0'. (E:\git\sdk\expanz-JavaScript-SDK\public\js\expanz.sdk.7521bb0.js:1981:58)
> if (xmlElement == undefined || xmlElement.length == 0)

Missing semicolon. (E:\git\sdk\expanz-JavaScript-SDK\public\js\expanz.sdk.7521bb0.js:1987:14)
> }

Use '!==' to compare with 'null'. (E:\git\sdk\expanz-JavaScript-SDK\public\js\expanz.sdk.7521bb0.js:1994:36)
> if (dashboardField != null) {

Missing semicolon. (E:\git\sdk\expanz-JavaScript-SDK\public\js\expanz.sdk.7521bb0.js:1997:23)
> })

Use '!==' to compare with 'null'. (E:\git\sdk\expanz-JavaScript-SDK\public\js\expanz.sdk.7521bb0.js:2163:32)
> if (dashboards != null) {

Don't make functions within a loop. (E:\git\sdk\expanz-JavaScript-SDK\public\js\expanz.sdk.7521bb0.js:2222:34)
> };

Don't make functions within a loop. (E:\git\sdk\expanz-JavaScript-SDK\public\js\expanz.sdk.7521bb0.js:2227:34)
> };

Use '===' to compare with 'null'. (E:\git\sdk\expanz-JavaScript-SDK\public\js\expanz.sdk.7521bb0.js:2275:29)
> if (execResults == null || execResults.length == 0) {

Too many errors. (41% scanned). (E:\git\sdk\expanz-JavaScript-SDK\public\js\expanz.sdk.7521bb0.js:2275:29)
> 

