Mixed spaces and tabs. (F:\workspace-git\Expanz-JavaScript-SDK\public\js\expanz.adapters.all.7537d94.js:65:1)
> * define publishData which is called when list of data is ready, array of data is passed as argument after the event

Mixed spaces and tabs. (F:\workspace-git\Expanz-JavaScript-SDK\public\js\expanz.adapters.all.7537d94.js:66:1)
> */

Use '===' to compare with '0'. (F:\workspace-git\Expanz-JavaScript-SDK\public\js\expanz.adapters.all.7537d94.js:75:35)
> value : rowId == 0 ? $(cell).text() : rowId

Mixed spaces and tabs. (F:\workspace-git\Expanz-JavaScript-SDK\public\js\expanz.adapters.all.7537d94.js:118:1)
> * define publishData which is called when list of data is ready, xml data is passed as argument after the event

Mixed spaces and tabs. (F:\workspace-git\Expanz-JavaScript-SDK\public\js\expanz.adapters.all.7537d94.js:119:1)
> */

Use '!==' to compare with 'null'. (F:\workspace-git\Expanz-JavaScript-SDK\public\js\expanz.adapters.all.7537d94.js:123:28)
> if (emptyItemLabel != null) {

Use '===' to compare with '0'. (F:\workspace-git\Expanz-JavaScript-SDK\public\js\expanz.adapters.all.7537d94.js:135:35)
> value : rowId == 0 ? $(cell).text() : rowId

['labelAttribute'] is better written in dot notation. (F:\workspace-git\Expanz-JavaScript-SDK\public\js\expanz.adapters.all.7537d94.js:185:21)
> if (options['labelAttribute'] != undefined)

Use '!==' to compare with 'undefined'. (F:\workspace-git\Expanz-JavaScript-SDK\public\js\expanz.adapters.all.7537d94.js:185:39)
> if (options['labelAttribute'] != undefined)

['labelAttribute'] is better written in dot notation. (F:\workspace-git\Expanz-JavaScript-SDK\public\js\expanz.adapters.all.7537d94.js:186:38)
> labelAttribute = options['labelAttribute'];

['idAttribute'] is better written in dot notation. (F:\workspace-git\Expanz-JavaScript-SDK\public\js\expanz.adapters.all.7537d94.js:187:21)
> if (options['idAttribute'] != undefined)

Use '!==' to compare with 'undefined'. (F:\workspace-git\Expanz-JavaScript-SDK\public\js\expanz.adapters.all.7537d94.js:187:36)
> if (options['idAttribute'] != undefined)

['idAttribute'] is better written in dot notation. (F:\workspace-git\Expanz-JavaScript-SDK\public\js\expanz.adapters.all.7537d94.js:188:35)
> idAttribute = options['idAttribute'];

['selectionCallback'] is better written in dot notation. (F:\workspace-git\Expanz-JavaScript-SDK\public\js\expanz.adapters.all.7537d94.js:189:21)
> if (options['selectionCallback'] != undefined)

Use '!==' to compare with 'undefined'. (F:\workspace-git\Expanz-JavaScript-SDK\public\js\expanz.adapters.all.7537d94.js:189:42)
> if (options['selectionCallback'] != undefined)

['selectionCallback'] is better written in dot notation. (F:\workspace-git\Expanz-JavaScript-SDK\public\js\expanz.adapters.all.7537d94.js:190:41)
> selectionCallback = options['selectionCallback'];

['onSelection'] is better written in dot notation. (F:\workspace-git\Expanz-JavaScript-SDK\public\js\expanz.adapters.all.7537d94.js:191:21)
> if (options['onSelection'] != undefined)

Use '!==' to compare with 'undefined'. (F:\workspace-git\Expanz-JavaScript-SDK\public\js\expanz.adapters.all.7537d94.js:191:36)
> if (options['onSelection'] != undefined)

['onSelection'] is better written in dot notation. (F:\workspace-git\Expanz-JavaScript-SDK\public\js\expanz.adapters.all.7537d94.js:192:35)
> onSelection = options['onSelection'];

['parentSelectable'] is better written in dot notation. (F:\workspace-git\Expanz-JavaScript-SDK\public\js\expanz.adapters.all.7537d94.js:193:21)
> if (options['parentSelectable'] != undefined)

Use '!==' to compare with 'undefined'. (F:\workspace-git\Expanz-JavaScript-SDK\public\js\expanz.adapters.all.7537d94.js:193:41)
> if (options['parentSelectable'] != undefined)

['parentSelectable'] is better written in dot notation. (F:\workspace-git\Expanz-JavaScript-SDK\public\js\expanz.adapters.all.7537d94.js:194:40)
> parentSelectable = options['parentSelectable'];

Mixed spaces and tabs. (F:\workspace-git\Expanz-JavaScript-SDK\public\js\expanz.adapters.all.7537d94.js:198:1)
> * define publishData which is called when list of data is ready

Mixed spaces and tabs. (F:\workspace-git\Expanz-JavaScript-SDK\public\js\expanz.adapters.all.7537d94.js:199:1)
> */

Use '!==' to compare with 'undefined'. (F:\workspace-git\Expanz-JavaScript-SDK\public\js\expanz.adapters.all.7537d94.js:213:28)
> if (columnsXml != undefined) {

Use the array literal notation []. (F:\workspace-git\Expanz-JavaScript-SDK\public\js\expanz.adapters.all.7537d94.js:229:33)
> var dataRows = new Array();

Use the array literal notation []. (F:\workspace-git\Expanz-JavaScript-SDK\public\js\expanz.adapters.all.7537d94.js:235:34)
> var items = new Array();

Mixed spaces and tabs. (F:\workspace-git\Expanz-JavaScript-SDK\public\js\expanz.adapters.all.7537d94.js:251:3)
> template: "${name}",

Mixed spaces and tabs. (F:\workspace-git\Expanz-JavaScript-SDK\public\js\expanz.adapters.all.7537d94.js:252:3)
> 

Mixed spaces and tabs. (F:\workspace-git\Expanz-JavaScript-SDK\public\js\expanz.adapters.all.7537d94.js:253:3)
> click: function(e) {

Mixed spaces and tabs. (F:\workspace-git\Expanz-JavaScript-SDK\public\js\expanz.adapters.all.7537d94.js:254:4)
> window.expanz.logToConsole(e.dataItem.id);

Mixed spaces and tabs. (F:\workspace-git\Expanz-JavaScript-SDK\public\js\expanz.adapters.all.7537d94.js:255:2)
> }

Missing semicolon. (F:\workspace-git\Expanz-JavaScript-SDK\public\js\expanz.adapters.all.7537d94.js:263:2)
> }

['labelAttribute'] is better written in dot notation. (F:\workspace-git\Expanz-JavaScript-SDK\public\js\expanz.adapters.all.7537d94.js:289:21)
> if (options['labelAttribute'] !== undefined)

['labelAttribute'] is better written in dot notation. (F:\workspace-git\Expanz-JavaScript-SDK\public\js\expanz.adapters.all.7537d94.js:290:38)
> labelAttribute = options['labelAttribute'];

['idAttribute'] is better written in dot notation. (F:\workspace-git\Expanz-JavaScript-SDK\public\js\expanz.adapters.all.7537d94.js:291:21)
> if (options['idAttribute'] !== undefined)

['idAttribute'] is better written in dot notation. (F:\workspace-git\Expanz-JavaScript-SDK\public\js\expanz.adapters.all.7537d94.js:292:35)
> idAttribute = options['idAttribute'];

['selectionCallback'] is better written in dot notation. (F:\workspace-git\Expanz-JavaScript-SDK\public\js\expanz.adapters.all.7537d94.js:293:21)
> if (options['selectionCallback'] !== undefined)

['selectionCallback'] is better written in dot notation. (F:\workspace-git\Expanz-JavaScript-SDK\public\js\expanz.adapters.all.7537d94.js:294:41)
> selectionCallback = options['selectionCallback'];

['onSelection'] is better written in dot notation. (F:\workspace-git\Expanz-JavaScript-SDK\public\js\expanz.adapters.all.7537d94.js:295:21)
> if (options['onSelection'] !== undefined)

['onSelection'] is better written in dot notation. (F:\workspace-git\Expanz-JavaScript-SDK\public\js\expanz.adapters.all.7537d94.js:296:35)
> onSelection = options['onSelection'];

['parentSelectable'] is better written in dot notation. (F:\workspace-git\Expanz-JavaScript-SDK\public\js\expanz.adapters.all.7537d94.js:297:21)
> if (options['parentSelectable'] !== undefined)

['parentSelectable'] is better written in dot notation. (F:\workspace-git\Expanz-JavaScript-SDK\public\js\expanz.adapters.all.7537d94.js:298:40)
> parentSelectable = options['parentSelectable'];

['expandedOnLoad'] is better written in dot notation. (F:\workspace-git\Expanz-JavaScript-SDK\public\js\expanz.adapters.all.7537d94.js:299:21)
> if (options['expandedOnLoad'] !== undefined)

['expandedOnLoad'] is better written in dot notation. (F:\workspace-git\Expanz-JavaScript-SDK\public\js\expanz.adapters.all.7537d94.js:300:38)
> expandedOnLoad = options['expandedOnLoad'];

['runAfterPublish'] is better written in dot notation. (F:\workspace-git\Expanz-JavaScript-SDK\public\js\expanz.adapters.all.7537d94.js:301:21)
> if (options['runAfterPublish'] !== undefined)

['runAfterPublish'] is better written in dot notation. (F:\workspace-git\Expanz-JavaScript-SDK\public\js\expanz.adapters.all.7537d94.js:302:39)
> runAfterPublish = options['runAfterPublish'];

['staticElements'] is better written in dot notation. (F:\workspace-git\Expanz-JavaScript-SDK\public\js\expanz.adapters.all.7537d94.js:303:21)
> if (options['staticElements'] !== undefined)

['staticElements'] is better written in dot notation. (F:\workspace-git\Expanz-JavaScript-SDK\public\js\expanz.adapters.all.7537d94.js:304:38)
> staticElements = options['staticElements'];

Mixed spaces and tabs. (F:\workspace-git\Expanz-JavaScript-SDK\public\js\expanz.adapters.all.7537d94.js:308:1)
> * define publishData which is called when list of data is ready

Too many errors. (38% scanned). (F:\workspace-git\Expanz-JavaScript-SDK\public\js\expanz.adapters.all.7537d94.js:308:1)
> 

