Mixed spaces and tabs. (E:\git\sdk\expanz-JavaScript-SDK\public\js\expanz.adapters.all.7521bb0.js:65:1)
> * define publishData which is called when list of data is ready, array of data is passed as argument after the event

Mixed spaces and tabs. (E:\git\sdk\expanz-JavaScript-SDK\public\js\expanz.adapters.all.7521bb0.js:66:1)
> */

Use '===' to compare with '0'. (E:\git\sdk\expanz-JavaScript-SDK\public\js\expanz.adapters.all.7521bb0.js:75:35)
> value : rowId == 0 ? $(cell).text() : rowId

Mixed spaces and tabs. (E:\git\sdk\expanz-JavaScript-SDK\public\js\expanz.adapters.all.7521bb0.js:118:1)
> * define publishData which is called when list of data is ready, xml data is passed as argument after the event

Mixed spaces and tabs. (E:\git\sdk\expanz-JavaScript-SDK\public\js\expanz.adapters.all.7521bb0.js:119:1)
> */

Use '!==' to compare with 'null'. (E:\git\sdk\expanz-JavaScript-SDK\public\js\expanz.adapters.all.7521bb0.js:123:28)
> if (emptyItemLabel != null) {

Use '===' to compare with '0'. (E:\git\sdk\expanz-JavaScript-SDK\public\js\expanz.adapters.all.7521bb0.js:135:35)
> value : rowId == 0 ? $(cell).text() : rowId

['labelAttribute'] is better written in dot notation. (E:\git\sdk\expanz-JavaScript-SDK\public\js\expanz.adapters.all.7521bb0.js:185:21)
> if (options['labelAttribute'] != undefined)

Use '!==' to compare with 'undefined'. (E:\git\sdk\expanz-JavaScript-SDK\public\js\expanz.adapters.all.7521bb0.js:185:39)
> if (options['labelAttribute'] != undefined)

['labelAttribute'] is better written in dot notation. (E:\git\sdk\expanz-JavaScript-SDK\public\js\expanz.adapters.all.7521bb0.js:186:38)
> labelAttribute = options['labelAttribute'];

['idAttribute'] is better written in dot notation. (E:\git\sdk\expanz-JavaScript-SDK\public\js\expanz.adapters.all.7521bb0.js:187:21)
> if (options['idAttribute'] != undefined)

Use '!==' to compare with 'undefined'. (E:\git\sdk\expanz-JavaScript-SDK\public\js\expanz.adapters.all.7521bb0.js:187:36)
> if (options['idAttribute'] != undefined)

['idAttribute'] is better written in dot notation. (E:\git\sdk\expanz-JavaScript-SDK\public\js\expanz.adapters.all.7521bb0.js:188:35)
> idAttribute = options['idAttribute'];

['selectionCallback'] is better written in dot notation. (E:\git\sdk\expanz-JavaScript-SDK\public\js\expanz.adapters.all.7521bb0.js:189:21)
> if (options['selectionCallback'] != undefined)

Use '!==' to compare with 'undefined'. (E:\git\sdk\expanz-JavaScript-SDK\public\js\expanz.adapters.all.7521bb0.js:189:42)
> if (options['selectionCallback'] != undefined)

['selectionCallback'] is better written in dot notation. (E:\git\sdk\expanz-JavaScript-SDK\public\js\expanz.adapters.all.7521bb0.js:190:41)
> selectionCallback = options['selectionCallback'];

['onSelection'] is better written in dot notation. (E:\git\sdk\expanz-JavaScript-SDK\public\js\expanz.adapters.all.7521bb0.js:191:21)
> if (options['onSelection'] != undefined)

Use '!==' to compare with 'undefined'. (E:\git\sdk\expanz-JavaScript-SDK\public\js\expanz.adapters.all.7521bb0.js:191:36)
> if (options['onSelection'] != undefined)

['onSelection'] is better written in dot notation. (E:\git\sdk\expanz-JavaScript-SDK\public\js\expanz.adapters.all.7521bb0.js:192:35)
> onSelection = options['onSelection'];

['parentSelectable'] is better written in dot notation. (E:\git\sdk\expanz-JavaScript-SDK\public\js\expanz.adapters.all.7521bb0.js:193:21)
> if (options['parentSelectable'] != undefined)

Use '!==' to compare with 'undefined'. (E:\git\sdk\expanz-JavaScript-SDK\public\js\expanz.adapters.all.7521bb0.js:193:41)
> if (options['parentSelectable'] != undefined)

['parentSelectable'] is better written in dot notation. (E:\git\sdk\expanz-JavaScript-SDK\public\js\expanz.adapters.all.7521bb0.js:194:40)
> parentSelectable = options['parentSelectable'];

Mixed spaces and tabs. (E:\git\sdk\expanz-JavaScript-SDK\public\js\expanz.adapters.all.7521bb0.js:198:1)
> * define publishData which is called when list of data is ready

Mixed spaces and tabs. (E:\git\sdk\expanz-JavaScript-SDK\public\js\expanz.adapters.all.7521bb0.js:199:1)
> */

Use the array literal notation []. (E:\git\sdk\expanz-JavaScript-SDK\public\js\expanz.adapters.all.7521bb0.js:203:29)
> var data = new Array();

Use the array literal notation []. (E:\git\sdk\expanz-JavaScript-SDK\public\js\expanz.adapters.all.7521bb0.js:213:34)
> var items = new Array();

Mixed spaces and tabs. (E:\git\sdk\expanz-JavaScript-SDK\public\js\expanz.adapters.all.7521bb0.js:229:3)
> template: "${name}",

Mixed spaces and tabs. (E:\git\sdk\expanz-JavaScript-SDK\public\js\expanz.adapters.all.7521bb0.js:230:3)
> 

Mixed spaces and tabs. (E:\git\sdk\expanz-JavaScript-SDK\public\js\expanz.adapters.all.7521bb0.js:231:3)
> click: function(e) {

Mixed spaces and tabs. (E:\git\sdk\expanz-JavaScript-SDK\public\js\expanz.adapters.all.7521bb0.js:232:4)
> window.expanz.logToConsole(e.dataItem.id);

Mixed spaces and tabs. (E:\git\sdk\expanz-JavaScript-SDK\public\js\expanz.adapters.all.7521bb0.js:233:2)
> }

Missing semicolon. (E:\git\sdk\expanz-JavaScript-SDK\public\js\expanz.adapters.all.7521bb0.js:244:2)
> }

['labelAttribute'] is better written in dot notation. (E:\git\sdk\expanz-JavaScript-SDK\public\js\expanz.adapters.all.7521bb0.js:270:21)
> if (options['labelAttribute'] !== undefined)

['labelAttribute'] is better written in dot notation. (E:\git\sdk\expanz-JavaScript-SDK\public\js\expanz.adapters.all.7521bb0.js:271:38)
> labelAttribute = options['labelAttribute'];

['idAttribute'] is better written in dot notation. (E:\git\sdk\expanz-JavaScript-SDK\public\js\expanz.adapters.all.7521bb0.js:272:21)
> if (options['idAttribute'] !== undefined)

['idAttribute'] is better written in dot notation. (E:\git\sdk\expanz-JavaScript-SDK\public\js\expanz.adapters.all.7521bb0.js:273:35)
> idAttribute = options['idAttribute'];

['selectionCallback'] is better written in dot notation. (E:\git\sdk\expanz-JavaScript-SDK\public\js\expanz.adapters.all.7521bb0.js:274:21)
> if (options['selectionCallback'] !== undefined)

['selectionCallback'] is better written in dot notation. (E:\git\sdk\expanz-JavaScript-SDK\public\js\expanz.adapters.all.7521bb0.js:275:41)
> selectionCallback = options['selectionCallback'];

['onSelection'] is better written in dot notation. (E:\git\sdk\expanz-JavaScript-SDK\public\js\expanz.adapters.all.7521bb0.js:276:21)
> if (options['onSelection'] !== undefined)

['onSelection'] is better written in dot notation. (E:\git\sdk\expanz-JavaScript-SDK\public\js\expanz.adapters.all.7521bb0.js:277:35)
> onSelection = options['onSelection'];

['parentSelectable'] is better written in dot notation. (E:\git\sdk\expanz-JavaScript-SDK\public\js\expanz.adapters.all.7521bb0.js:278:21)
> if (options['parentSelectable'] !== undefined)

['parentSelectable'] is better written in dot notation. (E:\git\sdk\expanz-JavaScript-SDK\public\js\expanz.adapters.all.7521bb0.js:279:40)
> parentSelectable = options['parentSelectable'];

['expandedOnLoad'] is better written in dot notation. (E:\git\sdk\expanz-JavaScript-SDK\public\js\expanz.adapters.all.7521bb0.js:280:21)
> if (options['expandedOnLoad'] !== undefined)

['expandedOnLoad'] is better written in dot notation. (E:\git\sdk\expanz-JavaScript-SDK\public\js\expanz.adapters.all.7521bb0.js:281:38)
> expandedOnLoad = options['expandedOnLoad'];

['runAfterPublish'] is better written in dot notation. (E:\git\sdk\expanz-JavaScript-SDK\public\js\expanz.adapters.all.7521bb0.js:282:21)
> if (options['runAfterPublish'] !== undefined)

['runAfterPublish'] is better written in dot notation. (E:\git\sdk\expanz-JavaScript-SDK\public\js\expanz.adapters.all.7521bb0.js:283:39)
> runAfterPublish = options['runAfterPublish'];

['staticElements'] is better written in dot notation. (E:\git\sdk\expanz-JavaScript-SDK\public\js\expanz.adapters.all.7521bb0.js:284:21)
> if (options['staticElements'] !== undefined)

['staticElements'] is better written in dot notation. (E:\git\sdk\expanz-JavaScript-SDK\public\js\expanz.adapters.all.7521bb0.js:285:38)
> staticElements = options['staticElements'];

Mixed spaces and tabs. (E:\git\sdk\expanz-JavaScript-SDK\public\js\expanz.adapters.all.7521bb0.js:289:1)
> * define publishData which is called when list of data is ready

Mixed spaces and tabs. (E:\git\sdk\expanz-JavaScript-SDK\public\js\expanz.adapters.all.7521bb0.js:290:1)
> */

Too many errors. (37% scanned). (E:\git\sdk\expanz-JavaScript-SDK\public\js\expanz.adapters.all.7521bb0.js:290:1)
> 

